d:\z_devtemp\unionplayer\build\ump.dir\release\main.obj
d:\z_devtemp\unionplayer\build\ump.dir\release\frameio_url_parser.obj
d:\z_devtemp\unionplayer\build\ump.dir\release\frameio_converter.obj
d:\z_devtemp\unionplayer\build\ump.dir\release\frameio_client.obj
d:\z_devtemp\unionplayer\build\ump.dir\release\imnodes.obj
d:\z_devtemp\unionplayer\build\ump.dir\release\texture_pool.obj
d:\z_devtemp\unionplayer\build\ump.dir\release\gpu_compute_processor.obj
d:\z_devtemp\unionplayer\build\ump.dir\release\ocio_pipeline.obj
d:\z_devtemp\unionplayer\build\ump.dir\release\ocio_config_manager.obj
d:\z_devtemp\unionplayer\build\ump.dir\release\audio_player.obj
d:\z_devtemp\unionplayer\build\ump.dir\release\audio_mixer.obj
d:\z_devtemp\unionplayer\build\ump.dir\release\audio_decoder.obj
d:\z_devtemp\unionplayer\build\ump.dir\release\viewport_annotator.obj
d:\z_devtemp\unionplayer\build\ump.dir\release\stroke_smoother.obj
d:\z_devtemp\unionplayer\build\ump.dir\release\annotation_toolbar.obj
d:\z_devtemp\unionplayer\build\ump.dir\release\annotation_serializer.obj
d:\z_devtemp\unionplayer\build\ump.dir\release\annotation_renderer.obj
d:\z_devtemp\unionplayer\build\ump.dir\release\annotation_manager.obj
d:\z_devtemp\unionplayer\build\ump.dir\release\annotation_io.obj
d:\z_devtemp\unionplayer\build\ump.dir\release\annotation_exporter.obj
d:\z_devtemp\unionplayer\build\ump.dir\release\playback_timer.obj
d:\z_devtemp\unionplayer\build\ump.dir\release\media_background_extractor.obj
d:\z_devtemp\unionplayer\build\ump.dir\release\lavfi_filter_generator.obj
d:\z_devtemp\unionplayer\build\ump.dir\release\image_sequence_config.obj
d:\z_devtemp\unionplayer\build\ump.dir\release\image_loaders.obj
d:\z_devtemp\unionplayer\build\ump.dir\release\frame_cache.obj
d:\z_devtemp\unionplayer\build\ump.dir\release\exr_transcoder.obj
d:\z_devtemp\unionplayer\build\ump.dir\release\dummy_video_generator.obj
d:\z_devtemp\unionplayer\build\ump.dir\release\direct_exr_cache.obj
d:\z_devtemp\unionplayer\build\ump.dir\release\difference_cache.obj
d:\z_devtemp\unionplayer\build\ump.dir\release\conversion_strategy.obj
d:\z_devtemp\unionplayer\build\ump.dir\release\comparison_video_player.obj
d:\z_devtemp\unionplayer\build\ump.dir\release\svg_overlay_renderer.obj
d:\z_devtemp\unionplayer\build\ump.dir\release\safety_overlay_system.obj
d:\z_devtemp\unionplayer\build\ump.dir\release\node_manager.obj
d:\z_devtemp\unionplayer\build\ump.dir\release\node_base.obj
d:\z_devtemp\unionplayer\build\ump.dir\release\video_metadata.obj
d:\z_devtemp\unionplayer\build\ump.dir\release\ffmpeg_metadata_extractor.obj
d:\z_devtemp\unionplayer\build\ump.dir\release\exr_metadata.obj
d:\z_devtemp\unionplayer\build\ump.dir\release\adobe_metadata.obj
d:\z_devtemp\unionplayer\build\ump.dir\release\sequential_frame_loader.obj
d:\z_devtemp\unionplayer\build\ump.dir\release\ocio_cpu_transform.obj
d:\z_devtemp\unionplayer\build\ump.dir\release\ffmpeg_video_encoder.obj
d:\z_devtemp\unionplayer\build\ump.dir\release\difference_sequence_transcoder.obj
d:\z_devtemp\unionplayer\build\ump.dir\release\difference_sequence_generator.obj
d:\z_devtemp\unionplayer\build\ump.dir\release\timeline_view.obj
d:\z_devtemp\unionplayer\build\ump.dir\release\timeline_thumbnail_cache.obj
d:\z_devtemp\unionplayer\build\ump.dir\release\timeline_playback_controller.obj
d:\z_devtemp\unionplayer\build\ump.dir\release\timeline_commands.obj
d:\z_devtemp\unionplayer\build\ump.dir\release\timeline_cache.obj
d:\z_devtemp\unionplayer\build\ump.dir\release\python_adapter_bridge.obj
d:\z_devtemp\unionplayer\build\ump.dir\release\nested_timeline_manager.obj
d:\z_devtemp\unionplayer\build\ump.dir\release\media_linker.obj
d:\z_devtemp\unionplayer\build\ump.dir\release\edl_parser.obj
d:\z_devtemp\unionplayer\build\ump.dir\release\project_manager_transcode.obj
d:\z_devtemp\unionplayer\build\ump.dir\release\project_manager.obj
d:\z_devtemp\unionplayer\build\ump.dir\release\video_player.obj
d:\z_devtemp\unionplayer\build\ump.dir\release\thumbnail_cache.obj
d:\z_devtemp\unionplayer\build\ump.dir\release\streaming_video_decoder.obj
d:\z_devtemp\unionplayer\build\ump.dir\release\shared_memory_pool.obj
d:\z_devtemp\unionplayer\build\ump.dir\release\system_pressure_monitor.obj
d:\z_devtemp\unionplayer\build\ump.dir\release\gpu_scheduler.obj
d:\z_devtemp\unionplayer\build\ump.dir\release\exr_layer_detector.obj
d:\z_devtemp\unionplayer\build\ump.dir\release\exiftool_helper.obj
d:\z_devtemp\unionplayer\build\ump.dir\release\transcode_queue_window.obj
d:\z_devtemp\unionplayer\build\ump.dir\release\timeline_manager.obj
d:\z_devtemp\unionplayer\build\ump.dir\release\node_editor_theme.obj
d:\z_devtemp\unionplayer\build\ump.dir\release\dual_view_timeline_widget.obj
d:\z_devtemp\unionplayer\build\ump.dir\release\annotation_panel.obj
d:\z_devtemp\unionplayer\build\ump.dir\release\video_transcoder.obj
d:\z_devtemp\unionplayer\build\ump.dir\release\video_sequence_transcoder.obj
d:\z_devtemp\unionplayer\build\ump.dir\release\transcode_worker_pool.obj
d:\z_devtemp\unionplayer\build\ump.dir\release\transcode_queue.obj
d:\z_devtemp\unionplayer\build\ump.dir\release\transcode_manager.obj
d:\z_devtemp\unionplayer\build\ump.dir\release\transcode_job.obj
d:\z_devtemp\unionplayer\build\cmakefiles\generate.stamp
d:\z_devtemp\unionplayer\build\ump.dir\release\ump.res
d:\z_devtemp\unionplayer\build\release\imath-3_2.dll
d:\z_devtemp\unionplayer\build\release\zlib1.dll
d:\z_devtemp\unionplayer\build\release\liblzma.dll
d:\z_devtemp\unionplayer\build\release\ump.exe
d:\z_devtemp\unionplayer\build\ump.dir\release\ump.tlog\cl.command.1.tlog
d:\z_devtemp\unionplayer\build\ump.dir\release\ump.tlog\cl.items.tlog
d:\z_devtemp\unionplayer\build\ump.dir\release\ump.tlog\cl.read.1.tlog
d:\z_devtemp\unionplayer\build\ump.dir\release\ump.tlog\cl.write.1.tlog
d:\z_devtemp\unionplayer\build\ump.dir\release\ump.tlog\custombuild.command.1.tlog
d:\z_devtemp\unionplayer\build\ump.dir\release\ump.tlog\custombuild.read.1.tlog
d:\z_devtemp\unionplayer\build\ump.dir\release\ump.tlog\custombuild.write.1.tlog
d:\z_devtemp\unionplayer\build\ump.dir\release\ump.tlog\link.command.1.tlog
d:\z_devtemp\unionplayer\build\ump.dir\release\ump.tlog\link.read.1.tlog
d:\z_devtemp\unionplayer\build\ump.dir\release\ump.tlog\link.secondary.1.tlog
d:\z_devtemp\unionplayer\build\ump.dir\release\ump.tlog\link.write.1.tlog
d:\z_devtemp\unionplayer\build\ump.dir\release\ump.tlog\rc.command.1.tlog
d:\z_devtemp\unionplayer\build\ump.dir\release\ump.tlog\rc.read.1.tlog
d:\z_devtemp\unionplayer\build\ump.dir\release\ump.tlog\rc.write.1.tlog
d:\z_devtemp\unionplayer\build\ump.dir\release\ump.tlog\ump.write.1u.tlog
