d:\z_devtemp\unionplayer\build\_deps\opentimelineio-build\src\opentimelineio\opentimelineio.dir\release\serializableobject.obj
d:\z_devtemp\unionplayer\build\_deps\opentimelineio-build\src\opentimelineio\opentimelineio.dir\release\serializablecollection.obj
d:\z_devtemp\unionplayer\build\_deps\opentimelineio-build\src\opentimelineio\opentimelineio.dir\release\safely_typed_any.obj
d:\z_devtemp\unionplayer\build\_deps\opentimelineio-build\src\opentimelineio\opentimelineio.dir\release\missingreference.obj
d:\z_devtemp\unionplayer\build\_deps\opentimelineio-build\src\opentimelineio\opentimelineio.dir\release\mediareference.obj
d:\z_devtemp\unionplayer\build\_deps\opentimelineio-build\src\opentimelineio\opentimelineio.dir\release\marker.obj
d:\z_devtemp\unionplayer\build\_deps\opentimelineio-build\src\opentimelineio\opentimelineio.dir\release\lineartimewarp.obj
d:\z_devtemp\unionplayer\build\_deps\opentimelineio-build\src\opentimelineio\opentimelineio.dir\release\item.obj
d:\z_devtemp\unionplayer\build\_deps\opentimelineio-build\src\opentimelineio\opentimelineio.dir\release\imagesequencereference.obj
d:\z_devtemp\unionplayer\build\_deps\opentimelineio-build\src\opentimelineio\opentimelineio.dir\release\generatorreference.obj
d:\z_devtemp\unionplayer\build\_deps\opentimelineio-build\src\opentimelineio\opentimelineio.dir\release\gap.obj
d:\z_devtemp\unionplayer\build\_deps\opentimelineio-build\src\opentimelineio\opentimelineio.dir\release\freezeframe.obj
d:\z_devtemp\unionplayer\build\_deps\opentimelineio-build\src\opentimelineio\opentimelineio.dir\release\externalreference.obj
d:\z_devtemp\unionplayer\build\_deps\opentimelineio-build\src\opentimelineio\opentimelineio.dir\release\errorstatus.obj
d:\z_devtemp\unionplayer\build\_deps\opentimelineio-build\src\opentimelineio\opentimelineio.dir\release\effect.obj
d:\z_devtemp\unionplayer\build\_deps\opentimelineio-build\src\opentimelineio\opentimelineio.dir\release\editalgorithm.obj
d:\z_devtemp\unionplayer\build\_deps\opentimelineio-build\src\opentimelineio\opentimelineio.dir\release\deserialization.obj
d:\z_devtemp\unionplayer\build\_deps\opentimelineio-build\src\opentimelineio\opentimelineio.dir\release\composition.obj
d:\z_devtemp\unionplayer\build\_deps\opentimelineio-build\src\opentimelineio\opentimelineio.dir\release\composable.obj
d:\z_devtemp\unionplayer\build\_deps\opentimelineio-build\src\opentimelineio\opentimelineio.dir\release\clip.obj
d:\z_devtemp\unionplayer\build\_deps\opentimelineio-build\src\opentimelineio\opentimelineio.dir\release\core_version_map.obj
d:\z_devtemp\unionplayer\build\_deps\opentimelineio-build\src\opentimelineio\opentimelineio.dir\release\unknownschema.obj
d:\z_devtemp\unionplayer\build\_deps\opentimelineio-build\src\opentimelineio\opentimelineio.dir\release\typeregistry.obj
d:\z_devtemp\unionplayer\build\_deps\opentimelineio-build\src\opentimelineio\opentimelineio.dir\release\transition.obj
d:\z_devtemp\unionplayer\build\_deps\opentimelineio-build\src\opentimelineio\opentimelineio.dir\release\trackalgorithm.obj
d:\z_devtemp\unionplayer\build\_deps\opentimelineio-build\src\opentimelineio\opentimelineio.dir\release\track.obj
d:\z_devtemp\unionplayer\build\_deps\opentimelineio-build\src\opentimelineio\opentimelineio.dir\release\timeline.obj
d:\z_devtemp\unionplayer\build\_deps\opentimelineio-build\src\opentimelineio\opentimelineio.dir\release\timeeffect.obj
d:\z_devtemp\unionplayer\build\_deps\opentimelineio-build\src\opentimelineio\opentimelineio.dir\release\stringutils.obj
d:\z_devtemp\unionplayer\build\_deps\opentimelineio-build\src\opentimelineio\opentimelineio.dir\release\stackalgorithm.obj
d:\z_devtemp\unionplayer\build\_deps\opentimelineio-build\src\opentimelineio\opentimelineio.dir\release\stack.obj
d:\z_devtemp\unionplayer\build\_deps\opentimelineio-build\src\opentimelineio\opentimelineio.dir\release\serialization.obj
d:\z_devtemp\unionplayer\build\_deps\opentimelineio-build\src\opentimelineio\opentimelineio.dir\release\serializableobjectwithmetadata.obj
d:\z_devtemp\unionplayer\build\_deps\opentimelineio-build\src\opentimelineio\cmakefiles\generate.stamp
d:\z_devtemp\unionplayer\build\_deps\opentimelineio-build\src\opentimelineio\release\opentimelineio.lib
d:\z_devtemp\unionplayer\build\_deps\opentimelineio-build\src\opentimelineio\opentimelineio.dir\release\opentimelineio.tlog\cl.command.1.tlog
d:\z_devtemp\unionplayer\build\_deps\opentimelineio-build\src\opentimelineio\opentimelineio.dir\release\opentimelineio.tlog\cl.items.tlog
d:\z_devtemp\unionplayer\build\_deps\opentimelineio-build\src\opentimelineio\opentimelineio.dir\release\opentimelineio.tlog\cl.read.1.tlog
d:\z_devtemp\unionplayer\build\_deps\opentimelineio-build\src\opentimelineio\opentimelineio.dir\release\opentimelineio.tlog\cl.write.1.tlog
d:\z_devtemp\unionplayer\build\_deps\opentimelineio-build\src\opentimelineio\opentimelineio.dir\release\opentimelineio.tlog\custombuild.command.1.tlog
d:\z_devtemp\unionplayer\build\_deps\opentimelineio-build\src\opentimelineio\opentimelineio.dir\release\opentimelineio.tlog\custombuild.read.1.tlog
d:\z_devtemp\unionplayer\build\_deps\opentimelineio-build\src\opentimelineio\opentimelineio.dir\release\opentimelineio.tlog\custombuild.write.1.tlog
d:\z_devtemp\unionplayer\build\_deps\opentimelineio-build\src\opentimelineio\opentimelineio.dir\release\opentimelineio.tlog\lib-link.read.1.tlog
d:\z_devtemp\unionplayer\build\_deps\opentimelineio-build\src\opentimelineio\opentimelineio.dir\release\opentimelineio.tlog\lib-link.write.1.tlog
d:\z_devtemp\unionplayer\build\_deps\opentimelineio-build\src\opentimelineio\opentimelineio.dir\release\opentimelineio.tlog\lib.command.1.tlog
